
SN 68k version 2.53


Assembly completed.
0 error(s) from 53640 lines in 1.31 seconds
